// Jest Snapshot v1, https://goo.gl/fbAQLP

exports[`PokemonDetailPage should render pokemon detail page if catched 1`] = `
Array [
  <Container
    tag="div"
  >
    <Row
      tag="div"
    >
      <Col
        className="pokemon-detail-first-col"
        md="12"
        tag="div"
        widths={
          Array [
            "xs",
            "sm",
            "md",
            "lg",
            "xl",
          ]
        }
        xs="12"
      >
        <Carousel
          activeIndex={0}
          className="pokemon-pictures-carousel"
          interval={5000}
          keyboard={true}
          next={[Function]}
          pause="hover"
          previous={[Function]}
          slide={true}
        >
          <CarouselIndicators
            activeIndex={0}
            items={
              Array [
                Object {
                  "altText": "",
                  "key": 1,
                  "src": undefined,
                },
                Object {
                  "altText": "",
                  "key": 2,
                  "src": undefined,
                },
              ]
            }
            onClickHandler={[Function]}
          />
          <CarouselItem
            appear={false}
            enter={true}
            exit={true}
            in={false}
            mountOnEnter={false}
            onEnter={[Function]}
            onEntered={[Function]}
            onEntering={[Function]}
            onExit={[Function]}
            onExited={[Function]}
            onExiting={[Function]}
            slide={true}
            tag="div"
            timeout={600}
            unmountOnExit={false}
          >
            <img
              alt=""
            />
          </CarouselItem>
          <CarouselItem
            appear={false}
            enter={true}
            exit={true}
            in={false}
            mountOnEnter={false}
            onEnter={[Function]}
            onEntered={[Function]}
            onEntering={[Function]}
            onExit={[Function]}
            onExited={[Function]}
            onExiting={[Function]}
            slide={true}
            tag="div"
            timeout={600}
            unmountOnExit={false}
          >
            <img
              alt=""
            />
          </CarouselItem>
          <CarouselControl
            direction="prev"
            directionText="Previous"
            onClickHandler={[Function]}
          />
          <CarouselControl
            direction="next"
            directionText="Next"
            onClickHandler={[Function]}
          />
        </Carousel>
        <h2
          id="pokemon-detail-name"
        >
          bulbasaur
        </h2>
        <React.Fragment>
          <Button
            className="catch-btn"
            color="primary"
            onClick={[Function]}
            tag="button"
          >
            Catch
          </Button>
        </React.Fragment>
      </Col>
      <Col
        className="pokemon-detail-second-col"
        md="12"
        tag="div"
        widths={
          Array [
            "xs",
            "sm",
            "md",
            "lg",
            "xl",
          ]
        }
        xs="12"
      >
        <div
          className="pokemon-detail-types"
        >
          <h5>
            Types
          </h5>
        </div>
        <div
          className="pokemon-detail-moves"
        >
          <h5>
            Moves
          </h5>
        </div>
      </Col>
      <Col
        tag="div"
        widths={
          Array [
            "xs",
            "sm",
            "md",
            "lg",
            "xl",
          ]
        }
        xs="12"
      />
    </Row>
  </Container>,
]
`;

exports[`PokemonDetailPage should render pokemon detail page if not catched 1`] = `
Array [
  <Container
    tag="div"
  >
    <Row
      tag="div"
    >
      <Col
        className="pokemon-detail-first-col"
        md="12"
        tag="div"
        widths={
          Array [
            "xs",
            "sm",
            "md",
            "lg",
            "xl",
          ]
        }
        xs="12"
      >
        <Carousel
          activeIndex={0}
          className="pokemon-pictures-carousel"
          interval={5000}
          keyboard={true}
          next={[Function]}
          pause="hover"
          previous={[Function]}
          slide={true}
        >
          <CarouselIndicators
            activeIndex={0}
            items={
              Array [
                Object {
                  "altText": "",
                  "key": 1,
                  "src": undefined,
                },
                Object {
                  "altText": "",
                  "key": 2,
                  "src": undefined,
                },
              ]
            }
            onClickHandler={[Function]}
          />
          <CarouselItem
            appear={false}
            enter={true}
            exit={true}
            in={false}
            mountOnEnter={false}
            onEnter={[Function]}
            onEntered={[Function]}
            onEntering={[Function]}
            onExit={[Function]}
            onExited={[Function]}
            onExiting={[Function]}
            slide={true}
            tag="div"
            timeout={600}
            unmountOnExit={false}
          >
            <img
              alt=""
            />
          </CarouselItem>
          <CarouselItem
            appear={false}
            enter={true}
            exit={true}
            in={false}
            mountOnEnter={false}
            onEnter={[Function]}
            onEntered={[Function]}
            onEntering={[Function]}
            onExit={[Function]}
            onExited={[Function]}
            onExiting={[Function]}
            slide={true}
            tag="div"
            timeout={600}
            unmountOnExit={false}
          >
            <img
              alt=""
            />
          </CarouselItem>
          <CarouselControl
            direction="prev"
            directionText="Previous"
            onClickHandler={[Function]}
          />
          <CarouselControl
            direction="next"
            directionText="Next"
            onClickHandler={[Function]}
          />
        </Carousel>
        <h2
          id="pokemon-detail-name"
        >
          bulbasaur
        </h2>
        <React.Fragment>
          <Button
            className="catch-btn"
            color="primary"
            onClick={[Function]}
            tag="button"
          >
            Catch
          </Button>
        </React.Fragment>
      </Col>
      <Col
        className="pokemon-detail-second-col"
        md="12"
        tag="div"
        widths={
          Array [
            "xs",
            "sm",
            "md",
            "lg",
            "xl",
          ]
        }
        xs="12"
      >
        <div
          className="pokemon-detail-types"
        >
          <h5>
            Types
          </h5>
        </div>
        <div
          className="pokemon-detail-moves"
        >
          <h5>
            Moves
          </h5>
        </div>
      </Col>
      <Col
        tag="div"
        widths={
          Array [
            "xs",
            "sm",
            "md",
            "lg",
            "xl",
          ]
        }
        xs="12"
      />
    </Row>
  </Container>,
]
`;
